<?xml version="1.0" encoding="UTF-8" standalone="no"?>
<mappingRoot xmlns="http://www.ibm.com/2008/ccl/Mapping" xmlns:map="default" domainID="com.ibm.msl.mapping.xml" domainIDExtension="mb" mainMap="true" targetNamespace="default" version="8.0.5.0">
    <inlinedXMLSchema>
        <![CDATA[<?xml version="1.0" encoding="UTF-8" standalone="no"?> 
<xsd:schema xmlns:xsd="http://www.w3.org/2001/XMLSchema"> 
       
  <xsd:element name="salary" nillable="true" type="xsd:string"/> 
       
  <xsd:element name="department" nillable="true" type="xsd:string"/> 
       
  <xsd:element name="last_name" nillable="true" type="xsd:string"/> 
       
  <xsd:element name="first_name" nillable="true" type="xsd:string"/> 
       
  <xsd:element name="employee_id" nillable="true" type="xsd:string"/> 
   
</xsd:schema> 
]]>
    </inlinedXMLSchema>
    <input path="/XML_file_To_JSONfile.xsd" var="var5"/>
    <input inlinedXMLSchema="true" path="../schema_0.xsd" var="var4"/>
    <output path="jar:file://!com/ibm/etools/mft/map/xsds/predefined/JsonDomainMsg.xsd" var="var3"/>
    <namespaces>
        <namespace kind="supplement" prefix="out" uri="http://www.ibm.com/iib/msl/json"/>
    </namespaces>
    <generation engine="xquery"/>
    <mappingDeclaration name="Mf_Mapping_Mapping">
        <input path="$var5/mb:msg(employees,assembly,XMLNSC,Properties)" var="MessageAssembly"/>
        <output namespace="http://www.ibm.com/iib/msl/json" path="$var3/mb:msg(JSON,assembly,JSON,Properties)" var="MessageAssembly2">
            <cast castType="userDefined" path="$MessageAssembly2/JSON/Data/type('anyType')" qualifier="{http://www.ibm.com/iib/msl/json}JSONObject" ref="var3"/>
            <cast castType="userDefined" path="$MessageAssembly2/JSON/spath('Data',2)/any" qualifier="employee_id" ref="var4"/>
            <cast castType="userDefined" path="$MessageAssembly2/JSON/spath('Data',2)/any" qualifier="first_name" ref="var4"/>
            <cast castType="userDefined" path="$MessageAssembly2/JSON/spath('Data',2)/any" qualifier="last_name" ref="var4"/>
            <cast castType="userDefined" path="$MessageAssembly2/JSON/spath('Data',2)/any" qualifier="department" ref="var4"/>
            <cast castType="userDefined" path="$MessageAssembly2/JSON/spath('Data',2)/any" qualifier="salary" ref="var4"/>
        </output>
        <move>
            <input path="$MessageAssembly/Properties"/>
            <output path="$MessageAssembly2/Properties"/>
        </move>
        <move automap="true">
            <input path="$MessageAssembly/employees/employee/first_name"/>
            <output path="$MessageAssembly2/JSON/spath('Data',2)/first_name"/>
        </move>
        <move automap="true">
            <input path="$MessageAssembly/employees/employee/employee_id"/>
            <output path="$MessageAssembly2/JSON/spath('Data',2)/employee_id"/>
        </move>
        <move automap="true">
            <input path="$MessageAssembly/employees/employee/last_name"/>
            <output path="$MessageAssembly2/JSON/spath('Data',2)/last_name"/>
        </move>
        <move automap="true">
            <input path="$MessageAssembly/employees/employee/department"/>
            <output path="$MessageAssembly2/JSON/spath('Data',2)/department"/>
        </move>
        <move automap="true">
            <input path="$MessageAssembly/employees/employee/salary"/>
            <output path="$MessageAssembly2/JSON/spath('Data',2)/salary"/>
        </move>
    </mappingDeclaration>
</mappingRoot>
