<?xml version="1.0" encoding="UTF-8" standalone="no"?>
<mappingRoot xmlns="http://www.ibm.com/2008/ccl/Mapping" xmlns:map="default" domainID="com.ibm.msl.mapping.xml" domainIDExtension="mb" mainMap="true" targetNamespace="default" version="8.0.5.0">
    <inlinedXMLSchema>
        <![CDATA[<?xml version="1.0" encoding="UTF-8" standalone="no"?> 
<xsd:schema xmlns:xsd="http://www.w3.org/2001/XMLSchema"> 
       
  <xsd:element name="Result" nillable="true" type="xsd:string"/> 
   
</xsd:schema> 
]]>
    </inlinedXMLSchema>
    <input path="/map_scema.xsd" var="var2"/>
    <input path="jar:file://!com/ibm/msl/mapping/rdb/xsds/dbreturn.xsd" var="var3"/>
    <input inlinedXMLSchema="true" path="../schema_0.xsd" var="var1"/>
    <output path="db:table(/xe.dbm,xe,SYSTEM,MAPPING_CRUD)" var="MAPPINGCRUD"/>
    <output path="jar:file://!com/ibm/etools/mft/map/xsds/predefined/JsonDomainMsg.xsd" var="var"/>
    <generation engine="xquery"/>
    <mappingDeclaration name="update_Mapping">
        <input path="$var2/mb:msg(Customer,assembly,XMLNSC,Properties)" var="MessageAssembly"/>
        <output path="$MAPPINGCRUD/db:update(fn:false(),fn:true(),db:where('SYSTEM.MAPPING_CRUD.CUSTOMERID =  ?','?'=$MessageAssembly/Customer/CustomerId),CUSTOMERID,NAME,EMAIL,PHONE)" var="dbupdate"/>
        <output namespace="http://www.ibm.com/iib/msl/json" path="$var/mb:msg(JSON,assembly,JSON,Properties)" var="MessageAssembly1">
            <cast castType="userDefined" path="$MessageAssembly1/JSON/Data/type('anyType')" qualifier="{http://www.ibm.com/iib/msl/json}JSONObject" ref="var" var="anyType"/>
            <cast castType="userDefined" path="$MessageAssembly1/JSON/spath('Data',2)/any" qualifier="Result" ref="var1" var="any"/>
        </output>
        <transaction>
            <update ref="dbupdate">
                <input path="$MessageAssembly/Customer" var="Customer"/>
                <output path="$dbupdate/."/>
                <move>
                    <input path="$Customer/CustomerId"/>
                    <output path="CUSTOMERID"/>
                </move>
                <move>
                    <input path="$Customer/Name"/>
                    <output path="NAME"/>
                </move>
                <move>
                    <input path="$Customer/Email"/>
                    <output path="EMAIL"/>
                </move>
                <move>
                    <input path="$Customer/Phone"/>
                    <output path="PHONE"/>
                </move>
            </update>
            <return>
                <input path="$var3/DBUpdateReturn"/>
                <output path="$MessageAssembly1/JSON/spath('Data',2)/Result"/>
                <move>
                    <input path="NumberOfRowsUpdated"/>
                    <output path="."/>
                </move>
            </return>
        </transaction>
        <move>
            <input path="$MessageAssembly/Properties"/>
            <output path="$MessageAssembly1/Properties"/>
        </move>
    </mappingDeclaration>
</mappingRoot>
