<?xml version="1.0" encoding="UTF-8" standalone="no"?>
<mappingRoot xmlns="http://www.ibm.com/2008/ccl/Mapping" xmlns:map="default" domainID="com.ibm.msl.mapping.xml" domainIDExtension="mb" mainMap="true" targetNamespace="default" version="8.0.5.0">
    <inlinedXMLSchema targetNamespace="http://www.ibm.com/iib/msl/json">
        <![CDATA[<?xml version="1.0" encoding="UTF-8" standalone="no"?> 
<xsd:schema xmlns:xsd="http://www.w3.org/2001/XMLSchema" targetNamespace="http://www.ibm.com/iib/msl/json"> 
    
        
   
  <xsd:complexType block="#all" name="JSONArray_1"> 
      
     
    <xsd:sequence> 
        
       
      <xsd:element maxOccurs="unbounded" minOccurs="0" name="Item" nillable="true"> 
          
         
        <xsd:complexType> 
            
           
          <xsd:sequence> 
              
             
            <xsd:element name="emp_id" nillable="true" type="xsd:string"/> 
              
             
            <xsd:element name="fname" nillable="true" type="xsd:string"/> 
              
             
            <xsd:element name="lname" nillable="true" type="xsd:string"/> 
              
             
            <xsd:element name="dept" nillable="true" type="xsd:string"/> 
              
             
            <xsd:element name="salary" nillable="true" type="xsd:string"/> 
              
           
          </xsd:sequence> 
            
         
        </xsd:complexType> 
          
       
      </xsd:element> 
        
     
    </xsd:sequence> 
      
   
  </xsd:complexType> 
    
    
 
</xsd:schema> 
]]>
    </inlinedXMLSchema>
    <input path="/XMLData.xsd" var="var3"/>
    <input inlinedXMLSchema="true" path="../schema_0.xsd" targetNamespace="http://www.ibm.com/iib/msl/json" var="var2"/>
    <input path="db:database(/xe.dbm,xe,db:schema-tables(SYSTEM,EMPLOYEES))" var="xe"/>
    <output path="jar:file://!com/ibm/etools/mft/map/xsds/predefined/JsonDomainMsg.xsd" var="var1"/>
    <namespaces>
        <namespace kind="supplement" prefix="out" uri="http://www.ibm.com/iib/msl/json"/>
    </namespaces>
    <generation engine="xquery"/>
    <mappingDeclaration name="MF_Retrive_Data_Mapping1">
        <input path="$var3/mb:msg(employees,assembly,XMLNSC,Properties)" var="ComIbmMessageAssembly_employees"/>
        <input path="$xe/db:select(fn:false(),ResultSet(SYSTEM/EMPLOYEES/EMPLOYEEID,SYSTEM/EMPLOYEES/FIRSTNAME,SYSTEM/EMPLOYEES/LASTNAME,SYSTEM/EMPLOYEES/DEPARTMENT,SYSTEM/EMPLOYEES/SALARY),db:where('SYSTEM.EMPLOYEES.EMPLOYEEID =  ?','?'=$ComIbmMessageAssembly_employees/employees/employee/employee_id))" var="dbselect"/>
        <output namespace="http://www.ibm.com/iib/msl/json" path="$var1/mb:msg(JSON,assembly,JSON,Properties)" var="MessageAssembly">
            <cast castType="userDefined" path="$MessageAssembly/JSON/Data/type('anyType')" qualifier="{http://www.ibm.com/iib/msl/json}JSONArray_1" ref="var2"/>
        </output>
        <move>
            <input path="$ComIbmMessageAssembly_employees/Properties"/>
            <output path="$MessageAssembly/Properties"/>
        </move>
        <select ref="dbselect">
            <input path="$dbselect/ResultSet"/>
            <output path="$MessageAssembly/JSON"/>
            <foreach>
                <input path="."/>
                <output path="spath('Data',2)/Item"/>
                <move>
                    <input path="SYSTEM/EMPLOYEES/EMPLOYEEID"/>
                    <output path="emp_id"/>
                </move>
                <move>
                    <input path="SYSTEM/EMPLOYEES/FIRSTNAME"/>
                    <output path="fname"/>
                </move>
                <move>
                    <input path="SYSTEM/EMPLOYEES/LASTNAME"/>
                    <output path="lname"/>
                </move>
                <move>
                    <input path="SYSTEM/EMPLOYEES/DEPARTMENT"/>
                    <output path="dept"/>
                </move>
                <move>
                    <input path="SYSTEM/EMPLOYEES/SALARY"/>
                    <output path="salary"/>
                </move>
            </foreach>
        </select>
    </mappingDeclaration>
</mappingRoot>
