<?xml version="1.0" encoding="UTF-8" standalone="no"?>
<mappingRoot xmlns="http://www.ibm.com/2008/ccl/Mapping" xmlns:map="default" domainID="com.ibm.msl.mapping.xml" domainIDExtension="mb" mainMap="true" targetNamespace="default" version="8.0.5.0">
    <inlinedXMLSchema>
        <![CDATA[<?xml version="1.0" encoding="UTF-8" standalone="no"?> 
<xsd:schema xmlns:xsd="http://www.w3.org/2001/XMLSchema"> 
       
  <xsd:element name="result" nillable="true"> 
    <xsd:complexType> 
      <xsd:sequence> 
        <xsd:element name="count" nillable="true" type="xsd:string"/> 
      </xsd:sequence> 
    </xsd:complexType> 
  </xsd:element> 
       
  <xsd:element name="emp" nillable="true"> 
    <xsd:complexType> 
      <xsd:sequence> 
        <xsd:element name="key" nillable="true" type="xsd:string"/> 
        <xsd:element name="value" nillable="true" type="xsd:string"/> 
      </xsd:sequence> 
    </xsd:complexType> 
  </xsd:element> 
   
</xsd:schema> 
]]>
    </inlinedXMLSchema>
    <input path="jar:file://!com/ibm/etools/mft/map/xsds/predefined/JsonDomainMsg.xsd" var="var"/>
    <input inlinedXMLSchema="true" path="../schema_0.xsd" var="var1"/>
    <input path="jar:file://!com/ibm/msl/mapping/cache/xsds/cache.xsd" var="var4"/>
    <output path="jar:file://!com/ibm/etools/mft/map/xsds/predefined/JsonDomainMsg.xsd" var="var2"/>
    <output path="jar:file://!com/ibm/msl/mapping/cache/xsds/cache.xsd" var="var3"/>
    <generation engine="xquery"/>
    <mappingDeclaration name="MF_GlobalCache_Mapping_Update_Mapping">
        <input namespace="http://www.ibm.com/iib/msl/json" path="$var/mb:msg(JSON,assembly,JSON,Properties)" var="MessageAssembly">
            <cast castType="userDefined" path="$MessageAssembly/JSON/Data/type('anyType')" qualifier="{http://www.ibm.com/iib/msl/json}JSONObject" ref="var"/>
            <cast castType="userDefined" path="$MessageAssembly/JSON/spath('Data',2)/any" qualifier="emp" ref="var1"/>
        </input>
        <output namespace="http://www.ibm.com/iib/msl/json" path="$var2/mb:msg(JSON,assembly,JSON,Properties)" var="MessageAssembly1">
            <cast castType="userDefined" path="$MessageAssembly1/JSON/Data/type('anyType')" qualifier="{http://www.ibm.com/iib/msl/json}JSONObject" ref="var2"/>
            <cast castType="userDefined" path="$MessageAssembly1/JSON/spath('Data',2)/any" qualifier="result" ref="var1"/>
        </output>
        <move>
            <input path="$MessageAssembly/Properties"/>
            <output path="$MessageAssembly1/Properties"/>
        </move>
        <transaction>
            <cachePut mode="update">
                <input path="$MessageAssembly/JSON/spath('Data',2)/emp"/>
                <output path="$var3/CachePut"/>
                <move>
                    <input path="key"/>
                    <output path="Key"/>
                </move>
                <move>
                    <input path="value"/>
                    <output path="Value"/>
                </move>
            </cachePut>
            <cacheReturn>
                <input path="$var4/CachePutReturn"/>
                <output path="$MessageAssembly1/JSON/spath('Data',2)/result"/>
                <move>
                    <input path="Count"/>
                    <output path="count"/>
                </move>
            </cacheReturn>
        </transaction>
    </mappingDeclaration>
</mappingRoot>
