<?xml version="1.0" encoding="UTF-8" standalone="no"?>
<mappingRoot xmlns="http://www.ibm.com/2008/ccl/Mapping" xmlns:map="default" domainID="com.ibm.msl.mapping.xml" domainIDExtension="mb" mainMap="true" targetNamespace="default" version="8.0.5.0">
    <inlinedXMLSchema>
        <![CDATA[<?xml version="1.0" encoding="UTF-8" standalone="no"?> 
<xsd:schema xmlns:xsd="http://www.w3.org/2001/XMLSchema"> 
       
  <xsd:element name="employees" nillable="true"> 
    <xsd:complexType> 
      <xsd:sequence> 
        <xsd:element name="employee" nillable="true"> 
          <xsd:complexType> 
            <xsd:sequence> 
              <xsd:element name="employee_id" nillable="true" type="xsd:string"/> 
              <xsd:element name="first_name" nillable="true" type="xsd:string"/> 
              <xsd:element name="last_name" nillable="true" type="xsd:string"/> 
              <xsd:element name="department" nillable="true" type="xsd:string"/> 
              <xsd:element name="salary" nillable="true" type="xsd:string"/> 
            </xsd:sequence> 
          </xsd:complexType> 
        </xsd:element> 
      </xsd:sequence> 
    </xsd:complexType> 
  </xsd:element> 
   
</xsd:schema> 
]]>
    </inlinedXMLSchema>
    <input path="/employee.xsd" var="var2"/>
    <input inlinedXMLSchema="true" path="../schema_0.xsd" var="var1"/>
    <output path="jar:file://!com/ibm/etools/mft/map/xsds/predefined/JsonDomainMsg.xsd" var="var"/>
    <namespaces>
        <namespace kind="supplement" prefix="out" uri="http://www.ibm.com/iib/msl/json"/>
    </namespaces>
    <generation engine="xquery"/>
    <mappingDeclaration name="transformationmappingmsgflow_Mapping">
        <input path="$var2/mb:msg(employees,assembly,XMLNSC,Properties)" var="ComIbmMessageAssembly_employees"/>
        <output namespace="http://www.ibm.com/iib/msl/json" path="$var/mb:msg(JSON,assembly,JSON,Properties)" var="ComIbmMessageAssembly_JSON">
            <cast castType="userDefined" path="$ComIbmMessageAssembly_JSON/JSON/Data/type('anyType')" qualifier="{http://www.ibm.com/iib/msl/json}JSONObject" ref="var"/>
            <cast castType="userDefined" path="$ComIbmMessageAssembly_JSON/JSON/spath('Data',2)/any" qualifier="employees" ref="var1"/>
        </output>
        <local>
            <input path="$ComIbmMessageAssembly_employees/Properties"/>
            <output path="$ComIbmMessageAssembly_JSON/Properties"/>
        </local>
        <local>
            <input path="$ComIbmMessageAssembly_employees/employees"/>
            <output path="$ComIbmMessageAssembly_JSON/JSON/spath('Data',2)"/>
            <move>
                <input path="employee/employee_id"/>
                <output path="employees/employee/employee_id"/>
            </move>
            <move>
                <input path="employee/first_name"/>
                <output path="employees/employee/first_name"/>
            </move>
            <move>
                <input path="employee/last_name"/>
                <output path="employees/employee/last_name"/>
            </move>
            <move>
                <input path="employee/department"/>
                <output path="employees/employee/department"/>
            </move>
            <move>
                <input path="employee/salary"/>
                <output path="employees/employee/salary"/>
            </move>
        </local>
    </mappingDeclaration>
</mappingRoot>
