<?xml version="1.0" encoding="UTF-8" standalone="no"?>
<mappingRoot xmlns="http://www.ibm.com/2008/ccl/Mapping" xmlns:map="default" domainID="com.ibm.msl.mapping.xml" domainIDExtension="mb" mainMap="true" targetNamespace="default" version="8.0.5.0">
    <inlinedXMLSchema>
        <![CDATA[<?xml version="1.0" encoding="UTF-8" standalone="no"?> 
<xsd:schema xmlns:xsd="http://www.w3.org/2001/XMLSchema"> 
    
     
      
       
           
      
     
        
          
   
  <xsd:element name="emp" nillable="true"> 
      
       
        
         
        
       
      
     
    <xsd:complexType> 
        
         
          
           
          
         
        
       
      <xsd:sequence> 
          
           
            
             
            
           
          
         
        <xsd:element name="name" nillable="true" type="xsd:string"/> 
          
           
            
             
            
           
          
         
        <xsd:element name="id" nillable="true" type="xsd:int"/> 
          
           
            
             
            
           
          
         
        <xsd:element name="city" nillable="true" type="xsd:string"/> 
          
           
            
             
          
         
        
       
      </xsd:sequence> 
        
         
          
           
        
       
      
     
    </xsd:complexType> 
      
       
        
         
      
     
    
   
  </xsd:element> 
    
     
      
       
       
    
   
  
 
</xsd:schema> 
]]>
    </inlinedXMLSchema>
    <input path="jar:file://!com/ibm/etools/mft/map/xsds/predefined/JsonDomainMsg.xsd" var="var2"/>
    <input inlinedXMLSchema="true" path="../schema_0.xsd" var="var3"/>
    <output path="db:table(/xe.dbm,xe,SYSTEM,AVISHKAR)" var="AVISHKAR1"/>
    <namespaces>
        <namespace kind="supplement" prefix="in" uri="http://www.ibm.com/iib/msl/json"/>
    </namespaces>
    <generation engine="xquery"/>
    <mappingDeclaration name="MF_Mapping_Insert_Mapping">
        <input namespace="http://www.ibm.com/iib/msl/json" path="$var2/mb:msg(JSON,assembly,JSON,Properties)" var="MessageAssembly">
            <cast castType="userDefined" path="$MessageAssembly/JSON/Data/type('anyType')" qualifier="{http://www.ibm.com/iib/msl/json}JSONObject" ref="var2" var="anyType"/>
            <cast castType="userDefined" path="$MessageAssembly/JSON/spath('Data',2)/any" qualifier="emp" ref="var3" var="any"/>
        </input>
        <output path="$AVISHKAR1/db:insert(fn:false(),NAME,ID,CITY)" var="dbinsert1"/>
        <insert ref="dbinsert1">
            <input path="$MessageAssembly/JSON"/>
            <output path="$dbinsert1/."/>
            <foreach>
                <input path="spath('Data',2)/emp"/>
                <output path="."/>
                <move>
                    <input path="name"/>
                    <output path="NAME"/>
                </move>
                <move>
                    <input path="id"/>
                    <output path="ID"/>
                </move>
                <move>
                    <input path="city"/>
                    <output path="CITY"/>
                </move>
            </foreach>
        </insert>
    </mappingDeclaration>
</mappingRoot>
