<?xml version="1.0" encoding="UTF-8" standalone="no"?>
<mappingRoot xmlns="http://www.ibm.com/2008/ccl/Mapping" xmlns:map="default" domainID="com.ibm.msl.mapping.xml" domainIDExtension="mb" mainMap="true" targetNamespace="default" version="8.0.5.0">
    <inlinedXMLSchema>
        <![CDATA[<?xml version="1.0" encoding="UTF-8" standalone="no"?> 
<xsd:schema xmlns:xsd="http://www.w3.org/2001/XMLSchema"> 
    
     
         
    
   
  <xsd:element name="info" nillable="true"> 
      
       
      
     
    <xsd:complexType> 
        
         
        
       
      <xsd:sequence> 
          
           
          
         
        <xsd:element name="otp" nillable="true" type="xsd:string"/> 
          
           
                  
         
        <xsd:element name="ttl" nillable="true" type="xsd:int"/> 
          
                          
         
        <xsd:element name="map" nillable="true" type="xsd:string"/> 
          
                          
         
        <xsd:element name="key" nillable="true" type="xsd:string"/> 
          
                      
       
      </xsd:sequence> 
        
         
      
     
    </xsd:complexType> 
      
       
    
   
  </xsd:element> 
    
     
     
  
 
</xsd:schema> 
]]>
    </inlinedXMLSchema>
    <input path="jar:file://!com/ibm/etools/mft/map/xsds/predefined/JsonDomainMsg.xsd" var="var"/>
    <input inlinedXMLSchema="true" path="../schema_0.xsd" var="var2"/>
    <output path="jar:file://!com/ibm/etools/mft/map/xsds/predefined/JsonDomainMsg.xsd" var="var4"/>
    <output path="jar:file://!com/ibm/msl/mapping/cache/xsds/cache.xsd" var="var1"/>
    <output path="jar:file://!com/ibm/msl/mapping/cache/xsds/cache.xsd" var="var5"/>
    <namespaces>
        <namespace kind="supplement" prefix="io" uri="http://www.ibm.com/iib/msl/json"/>
        <namespace kind="supplement" prefix="out" uri="http://www.ibm.com/msl/cache/1.0"/>
    </namespaces>
    <generation engine="xquery"/>
    <mappingDeclaration name="postGenerate_Mapping">
        <input namespace="http://www.ibm.com/iib/msl/json" path="$var/mb:msg(JSON,assembly,JSON,Properties)" var="MessageAssembly">
            <cast castType="userDefined" path="$MessageAssembly/JSON/Data/type('anyType')" qualifier="{http://www.ibm.com/iib/msl/json}JSONObject" ref="var"/>
            <cast castType="userDefined" path="$MessageAssembly/JSON/spath('Data',2)/any" qualifier="info" ref="var2"/>
        </input>
        <output namespace="http://www.ibm.com/iib/msl/json" path="$var4/mb:msg(JSON,assembly,JSON,Properties)" var="MessageAssembly1">
            <cast castType="userDefined" path="$MessageAssembly1/JSON/Data/type('anyType')" qualifier="{http://www.ibm.com/iib/msl/json}JSONObject" ref="var4"/>
        </output>
        <move>
            <input path="$MessageAssembly/Properties"/>
            <output path="$MessageAssembly1/Properties"/>
        </move>
        <cacheRemove>
            <input path="$MessageAssembly/JSON/spath('Data',2)/info/key" var="key1"/>
            <input path="$MessageAssembly/JSON/spath('Data',2)/info/map" var="map1"/>
            <output path="$var1/CacheRemove"/>
            <move>
                <input path="$map1/."/>
                <output path="MapName"/>
            </move>
            <move>
                <input path="$key1/."/>
                <output path="Key"/>
            </move>
        </cacheRemove>
        <cachePut>
            <input path="$MessageAssembly/JSON/spath('Data',2)/info/key" var="key2"/>
            <input path="$MessageAssembly/JSON/spath('Data',2)/info/map" var="map2"/>
            <input path="$MessageAssembly/JSON/spath('Data',2)/info/ttl" var="ttl1"/>
            <input path="$MessageAssembly/JSON/spath('Data',2)/info/otp" var="otp1"/>
            <output path="$var5/CachePut"/>
            <move>
                <input path="$key2/."/>
                <output path="Key"/>
            </move>
            <move>
                <input path="$map2/."/>
                <output path="MapName"/>
            </move>
            <move>
                <input path="$ttl1/."/>
                <output path="TimeToLive"/>
            </move>
            <move>
                <input path="$otp1/."/>
                <output path="Value"/>
            </move>
        </cachePut>
    </mappingDeclaration>
</mappingRoot>
