<?xml version="1.0" encoding="UTF-8" standalone="no"?>
<mappingRoot xmlns="http://www.ibm.com/2008/ccl/Mapping" xmlns:map="default" domainID="com.ibm.msl.mapping.xml" domainIDExtension="mb" mainMap="true" targetNamespace="default" version="8.0.5.0">
    <inlinedXMLSchema>
        <![CDATA[<?xml version="1.0" encoding="UTF-8" standalone="no"?> 
<xsd:schema xmlns:xsd="http://www.w3.org/2001/XMLSchema"> 
       
  <xsd:element name="employees" nillable="true"> 
    <xsd:complexType> 
      <xsd:sequence> 
        <xsd:element name="employee_id" nillable="true" type="xsd:string"/> 
        <xsd:element name="first_name" nillable="true" type="xsd:string"/> 
        <xsd:element name="last_name" nillable="true" type="xsd:string"/> 
        <xsd:element name="department" nillable="true" type="xsd:string"/> 
        <xsd:element name="salary" nillable="true" type="xsd:string"/> 
      </xsd:sequence> 
    </xsd:complexType> 
  </xsd:element> 
   
</xsd:schema> 
]]>
    </inlinedXMLSchema>
    <input path="/employees.xsd" var="var2"/>
    <input inlinedXMLSchema="true" path="../schema_0.xsd" var="var1"/>
    <output path="jar:file://!com/ibm/etools/mft/map/xsds/predefined/JsonDomainMsg.xsd" var="var"/>
    <generation engine="xquery"/>
    <mappingDeclaration name="MF_XML_To_JSON_Mapping">
        <input path="$var2/mb:msg(employees,assembly,XMLNSC,Properties)" var="MessageAssembly"/>
        <output namespace="http://www.ibm.com/iib/msl/json" path="$var/mb:msg(JSON,assembly,JSON,Properties)" var="MessageAssembly1">
            <cast castType="userDefined" path="$MessageAssembly1/JSON/Data/type('anyType')" qualifier="{http://www.ibm.com/iib/msl/json}JSONObject" ref="var"/>
            <cast castType="userDefined" path="$MessageAssembly1/JSON/spath('Data',2)/any" qualifier="employees" ref="var1"/>
        </output>
        <move>
            <input path="$MessageAssembly/Properties"/>
            <output path="$MessageAssembly1/Properties"/>
        </move>
        <move>
            <input path="$MessageAssembly/employees/employee/salary"/>
            <output path="$MessageAssembly1/JSON/spath('Data',2)/employees/salary"/>
        </move>
        <move>
            <input path="$MessageAssembly/employees/employee/department"/>
            <output path="$MessageAssembly1/JSON/spath('Data',2)/employees/department"/>
        </move>
        <move>
            <input path="$MessageAssembly/employees/employee/employee_id"/>
            <output path="$MessageAssembly1/JSON/spath('Data',2)/employees/employee_id"/>
        </move>
        <move>
            <input path="$MessageAssembly/employees/employee/first_name"/>
            <output path="$MessageAssembly1/JSON/spath('Data',2)/employees/first_name"/>
        </move>
        <move>
            <input path="$MessageAssembly/employees/employee/last_name"/>
            <output path="$MessageAssembly1/JSON/spath('Data',2)/employees/last_name"/>
        </move>
    </mappingDeclaration>
</mappingRoot>
