<?xml version="1.0" encoding="UTF-8" standalone="no"?>
<mappingRoot xmlns="http://www.ibm.com/2008/ccl/Mapping" xmlns:map="default" domainID="com.ibm.msl.mapping.xml" domainIDExtension="mb" mainMap="true" targetNamespace="default" version="8.0.5.0">
    <input path="jar:file://!com/ibm/etools/mft/map/xsds/predefined/SOAPDomainMsg.xsd" var="var1"/>
    <input path="/NewWSDLFile_InlineSchema2.xsd" var="var"/>
    <output path="jar:file://!com/ibm/etools/mft/map/xsds/predefined/SOAPDomainMsg.xsd"/>
    <generation engine="xquery"/>
    <mappingDeclaration name="MF_SOAP_Transformation_Mapping">
        <input path="$var1/mb:msg(SOAP_Domain_Msg,assembly,SOAP,Properties)" var="MessageAssembly">
            <cast path="$MessageAssembly/SOAP_Domain_Msg/Body/any" qualifier="{http://www.example.org/NewWSDLFile/}in" ref="var"/>
        </input>
        <output path="mb:msg(SOAP_Domain_Msg,assembly,SOAP,Properties)" var="MessageAssembly5">
            <cast path="$MessageAssembly5/SOAP_Domain_Msg/Body/any" qualifier="{http://www.example.org/NewWSDLFile/}out" ref="var"/>
        </output>
        <move>
            <input path="$MessageAssembly/Properties"/>
            <output path="$MessageAssembly5/Properties"/>
        </move>
        <local>
            <input path="$MessageAssembly/SOAP_Domain_Msg/Body/in"/>
            <output path="$MessageAssembly5/SOAP_Domain_Msg/Body/out"/>
            <move>
                <input path="text()"/>
                <output path="text()"/>
            </move>
        </local>
    </mappingDeclaration>
</mappingRoot>
