<?xml version="1.0" encoding="UTF-8" standalone="no"?>
<mappingRoot xmlns="http://www.ibm.com/2008/ccl/Mapping" xmlns:map="default" domainID="com.ibm.msl.mapping.xml" domainIDExtension="mb" mainMap="true" targetNamespace="default" version="8.0.5.0">
    <input path="/data.xsd" var="var1"/>
    <output path="jar:file://!com/ibm/etools/mft/map/xsds/predefined/JsonDomainMsg.xsd" var="var"/>
    <imports>
        <import kind="map" location="/PropertiesTypeToPropertiesType.map" namespace="default"/>
    </imports>
    <namespaces>
        <namespace kind="supplement" prefix="out" uri="http://www.ibm.com/iib/msl/json"/>
    </namespaces>
    <generation engine="xquery"/>
    <mappingDeclaration name="mf_map_Mapping">
        <input path="$var1/mb:msg(DETAILS,assembly,XMLNSC,Properties)" var="MessageAssembly"/>
        <output namespace="http://www.ibm.com/iib/msl/json" path="$var/mb:msg(JSON,assembly,JSON,Properties)" var="MessageAssembly1">
            <cast castType="userDefined" path="$MessageAssembly1/JSON/Data/type('anyType')" qualifier="{http://www.ibm.com/iib/msl/json}JSONObject" ref="var"/>
            <cast path="$MessageAssembly1/JSON/spath('Data',2)/any" qualifier="NAME" ref="var1"/>
            <cast path="$MessageAssembly1/JSON/spath('Data',2)/any" qualifier="ADDRESS" ref="var1"/>
            <cast path="$MessageAssembly1/JSON/spath('Data',2)/any" qualifier="PAN_ID" ref="var1"/>
        </output>
        <submap ref="map:PropertiesTypeToPropertiesType">
            <input path="$MessageAssembly/Properties"/>
            <output path="$MessageAssembly1/Properties"/>
        </submap>
        <move>
            <input path="$MessageAssembly/DETAILS/PAN_ID"/>
            <output path="$MessageAssembly1/JSON/spath('Data',2)/PAN_ID"/>
        </move>
        <move>
            <input path="$MessageAssembly/DETAILS/NAME"/>
            <output path="$MessageAssembly1/JSON/spath('Data',2)/NAME"/>
        </move>
        <move>
            <input path="$MessageAssembly/DETAILS/ADDRESS"/>
            <output path="$MessageAssembly1/JSON/spath('Data',2)/ADDRESS"/>
        </move>
    </mappingDeclaration>
</mappingRoot>
