<?xml version="1.0" encoding="UTF-8" standalone="no"?>
<mappingRoot xmlns="http://www.ibm.com/2008/ccl/Mapping" xmlns:map="default" domainID="com.ibm.msl.mapping.xml" domainIDExtension="mb" mainMap="true" targetNamespace="default" version="8.0.5.0">
    <inlinedXMLSchema>
        <![CDATA[<?xml version="1.0" encoding="UTF-8" standalone="no"?> 
<xsd:schema xmlns:xsd="http://www.w3.org/2001/XMLSchema"> 
       
  <xsd:element name="count" nillable="true" type="xsd:int"/> 
   
</xsd:schema> 
]]>
    </inlinedXMLSchema>
    <input path="/data.xsd" var="var2"/>
    <input path="jar:file://!com/ibm/msl/mapping/rdb/xsds/dbreturn.xsd" var="var3"/>
    <input inlinedXMLSchema="true" path="../schema_0.xsd" var="var1"/>
    <output path="db:table(/xe.dbm,xe,SYSTEM,INFORMATION)" var="INFORMATION"/>
    <output path="jar:file://!com/ibm/etools/mft/map/xsds/predefined/JsonDomainMsg.xsd" var="var"/>
    <generation engine="xquery"/>
    <mappingDeclaration name="MF_update_Mapping">
        <input path="$var2/mb:msg(DETAILS,assembly,XMLNSC,Properties)" var="MessageAssembly"/>
        <output path="$INFORMATION/db:update(fn:false(),fn:true(),db:where('SYSTEM.INFORMATION.ID =  ?','?'=$MessageAssembly/DETAILS/PAN_ID),ID,NAME,AGE)" var="dbupdate"/>
        <output namespace="http://www.ibm.com/iib/msl/json" path="$var/mb:msg(JSON,assembly,JSON,Properties)" var="MessageAssembly1">
            <cast castType="userDefined" path="$MessageAssembly1/JSON/Data/type('anyType')" qualifier="{http://www.ibm.com/iib/msl/json}JSONObject" ref="var" var="anyType"/>
            <cast castType="userDefined" path="$MessageAssembly1/JSON/spath('Data',2)/any" qualifier="count" ref="var1" var="any"/>
        </output>
        <transaction>
            <update ref="dbupdate">
                <input path="$MessageAssembly/DETAILS" var="DETAILS"/>
                <output path="$dbupdate/."/>
                <move>
                    <input path="$DETAILS/PAN_ID"/>
                    <output path="ID"/>
                </move>
                <move>
                    <input path="$DETAILS/NAME"/>
                    <output path="NAME"/>
                </move>
                <move>
                    <input path="$DETAILS/ADDRESS"/>
                    <output path="AGE"/>
                </move>
            </update>
            <return>
                <input path="$var3/DBUpdateReturn"/>
                <output path="$MessageAssembly1/JSON/spath('Data',2)/count"/>
                <move>
                    <input path="NumberOfRowsUpdated"/>
                    <output path="."/>
                </move>
            </return>
        </transaction>
        <move>
            <input path="$MessageAssembly/Properties"/>
            <output path="$MessageAssembly1/Properties"/>
        </move>
    </mappingDeclaration>
</mappingRoot>
