<?xml version="1.0" encoding="UTF-8" standalone="no"?>
<mappingRoot xmlns="http://www.ibm.com/2008/ccl/Mapping" xmlns:map="default" domainID="com.ibm.msl.mapping.xml" domainIDExtension="mb" mainMap="true" targetNamespace="default" version="8.0.5.0">
    <inlinedXMLSchema>
        <![CDATA[<?xml version="1.0" encoding="UTF-8" standalone="no"?> 
<xsd:schema xmlns:xsd="http://www.w3.org/2001/XMLSchema"> 
       
  <xsd:element name="element1" nillable="true" type="xsd:string"/> 
   
</xsd:schema> 
]]>
    </inlinedXMLSchema>
    <input path="/data%20(2).xsd" var="var"/>
    <input path="jar:file://!com/ibm/msl/mapping/rdb/xsds/dbreturn.xsd" var="var1"/>
    <input inlinedXMLSchema="true" path="../schema_0.xsd" var="var3"/>
    <output path="db:table(/xe.dbm,xe,SYSTEM,MAP_CRUD)" var="MAPCRUD"/>
    <output path="jar:file://!com/ibm/etools/mft/map/xsds/predefined/JsonDomainMsg.xsd" var="var2"/>
    <generation engine="xquery"/>
    <mappingDeclaration name="MF_Insert_Mapping">
        <input path="$var/mb:msg(employee,assembly,XMLNSC,Properties)" var="MessageAssembly"/>
        <output path="$MAPCRUD/db:insert(fn:false(),ID,FNAME,LNAME,DEPT,SAL)" var="dbinsert"/>
        <output namespace="http://www.ibm.com/iib/msl/json" path="$var2/mb:msg(JSON,assembly,JSON,Properties)" var="MessageAssembly1">
            <cast castType="userDefined" path="$MessageAssembly1/JSON/Data/type('anyType')" qualifier="{http://www.ibm.com/iib/msl/json}JSONObject" ref="var2" var="anyType"/>
            <cast castType="userDefined" path="$MessageAssembly1/JSON/spath('Data',2)/any" qualifier="element1" ref="var3" var="any"/>
        </output>
        <transaction>
            <insert ref="dbinsert">
                <input path="$MessageAssembly/."/>
                <output path="$dbinsert/."/>
                <move>
                    <input path="employee/employee_id"/>
                    <output path="ID"/>
                </move>
                <move>
                    <input path="employee/first_name"/>
                    <output path="FNAME"/>
                </move>
                <move>
                    <input path="employee/last_name"/>
                    <output path="LNAME"/>
                </move>
                <move>
                    <input path="employee/department"/>
                    <output path="DEPT"/>
                </move>
                <move>
                    <input path="employee/salary"/>
                    <output path="SAL"/>
                </move>
            </insert>
            <return>
                <input path="$var1/DBInsertReturn"/>
            </return>
        </transaction>
        <move>
            <input path="$MessageAssembly/Properties"/>
            <output path="$MessageAssembly1/Properties"/>
        </move>
        <assign value="success">
            <output path="$MessageAssembly1/JSON/spath('Data',2)/element1"/>
        </assign>
    </mappingDeclaration>
</mappingRoot>
